{
  "schema_version": 1,
  "kind": "check",
  "tool": {
    "name": "deadweight.gdt",
    "version": "0.2.0-test"
  },
  "scene": {
    "path": "res://levels/city.tscn"
  },
  "configuration": {
    "present": false,
    "selection": "absent"
  },
  "analysis": {
    "status": "complete",
    "reliability": "exact",
    "metrics": [
      {
        "id": "nodes",
        "value": 2841
      },
      {
        "id": "tree_depth",
        "value": 17
      },
      {
        "id": "scene_instances",
        "value": 184
      },
      {
        "id": "mesh_instances",
        "value": 1024
      },
      {
        "id": "lights",
        "value": 43
      },
      {
        "id": "shadow_lights",
        "value": 9
      },
      {
        "id": "external_resources",
        "value": 218
      },
      {
        "id": "scene_dependencies",
        "value": 12
      }
    ],
    "coverage": {
      "parsed_scene_files": 13,
      "resolved_scene_instances": 184,
      "unresolved_scene_instances": 0,
      "inherited_scenes": 0
    },
    "diagnostics": []
  },
  "policy": {
    "kind": "preset",
    "id": "steam-deck",
    "metadata": {
      "renderer": "forward_plus",
      "target_fps": 60,
      "quality": "balanced",
      "status": "heuristic",
      "stability": "experimental"
    },
    "fail_on_partial": false
  },
  "evaluation": {
    "comparisons": [
      {
        "metric": "nodes",
        "observed": 2841,
        "limit": 3000,
        "delta": -159,
        "passed": true
      },
      {
        "metric": "tree_depth",
        "observed": 17,
        "limit": 20,
        "delta": -3,
        "passed": true
      },
      {
        "metric": "scene_instances",
        "observed": 184,
        "limit": 250,
        "delta": -66,
        "passed": true
      },
      {
        "metric": "mesh_instances",
        "observed": 1024,
        "limit": 1100,
        "delta": -76,
        "passed": true
      },
      {
        "metric": "lights",
        "observed": 43,
        "limit": 50,
        "delta": -7,
        "passed": true
      },
      {
        "metric": "shadow_lights",
        "observed": 9,
        "limit": 10,
        "delta": -1,
        "passed": true
      },
      {
        "metric": "external_resources",
        "observed": 218,
        "limit": 300,
        "delta": -82,
        "passed": true
      },
      {
        "metric": "scene_dependencies",
        "observed": 12,
        "limit": 80,
        "delta": -68,
        "passed": true
      }
    ],
    "exceeded": 0,
    "verdict": "PASSED"
  }
}
