{
  "schema_version": 1,
  "kind": "diff",
  "tool": {
    "name": "deadweight.gdt",
    "version": "0.2.0-test"
  },
  "diff": {
    "report_kind": "inspect",
    "scene": "res://levels/city.tscn",
    "before_reliability": "exact",
    "after_reliability": "exact",
    "changed": true,
    "metrics": [
      {
        "metric": "nodes",
        "before": 10,
        "after": 12,
        "delta": 2,
        "before_confidence": {
          "reliability": "exact",
          "reasons": [],
          "source": "metric"
        },
        "after_confidence": {
          "reliability": "exact",
          "reasons": [],
          "source": "metric"
        },
        "assessment": "regression"
      }
    ],
    "coverage": [],
    "diagnostics": [],
    "dependencies": [],
    "enforcement": {
      "enabled": true,
      "status": "FAILED",
      "triggers": [
        {
          "kind": "metric_increase",
          "metric": "nodes",
          "assessment": "regression",
          "before_reliability": "exact",
          "after_reliability": "exact"
        }
      ]
    }
  }
}
