{
  "schema_version": 1,
  "kind": "inspect",
  "tool": {
    "name": "deadweight.gdt",
    "version": "0.2.0-test"
  },
  "scene": {
    "path": "res://levels/city.tscn"
  },
  "configuration": {
    "present": false,
    "selection": "absent"
  },
  "analysis": {
    "status": "partial",
    "reliability": "approximate",
    "metrics": [
      {
        "id": "nodes",
        "value": 2841,
        "confidence": {
          "reliability": "approximate",
          "reasons": [
            "inherited_scene"
          ]
        }
      },
      {
        "id": "tree_depth",
        "value": 17,
        "confidence": {
          "reliability": "approximate",
          "reasons": [
            "inherited_scene"
          ]
        }
      },
      {
        "id": "scene_instances",
        "value": 184,
        "confidence": {
          "reliability": "approximate",
          "reasons": [
            "inherited_scene"
          ]
        }
      },
      {
        "id": "mesh_instances",
        "value": 1024,
        "confidence": {
          "reliability": "approximate",
          "reasons": [
            "inherited_scene"
          ]
        }
      },
      {
        "id": "lights",
        "value": 43,
        "confidence": {
          "reliability": "approximate",
          "reasons": [
            "inherited_scene"
          ]
        }
      },
      {
        "id": "shadow_lights",
        "value": 9,
        "confidence": {
          "reliability": "approximate",
          "reasons": [
            "inherited_scene"
          ]
        }
      },
      {
        "id": "external_resources",
        "value": 218,
        "confidence": {
          "reliability": "approximate",
          "reasons": [
            "inherited_scene"
          ]
        }
      },
      {
        "id": "scene_dependencies",
        "value": 12,
        "confidence": {
          "reliability": "approximate",
          "reasons": [
            "inherited_scene"
          ]
        }
      }
    ],
    "coverage": {
      "parsed_scene_files": 13,
      "resolved_scene_instances": 184,
      "unresolved_scene_instances": 0,
      "inherited_scenes": 1
    },
    "diagnostics": [
      {
        "code": "SB1003",
        "severity": "warning",
        "message": "inherited-scene overrides make expanded metrics approximate",
        "occurrences": 1,
        "source": {
          "path": "res://actors/zombie.tscn"
        }
      }
    ],
    "contributions": [
      {
        "kind": "root",
        "scene": "res://levels/city.tscn",
        "occurrences": 1,
        "reliability": "approximate",
        "metrics": [
          {
            "id": "nodes",
            "aggregation": "additive",
            "value": 2841,
            "confidence": {
              "reliability": "approximate",
              "reasons": [
                "inherited_scene"
              ]
            }
          },
          {
            "id": "tree_depth",
            "aggregation": "maximum",
            "value": 17,
            "available": true,
            "confidence": {
              "reliability": "approximate",
              "reasons": [
                "inherited_scene"
              ]
            }
          },
          {
            "id": "scene_instances",
            "aggregation": "additive",
            "value": 184,
            "confidence": {
              "reliability": "approximate",
              "reasons": [
                "inherited_scene"
              ]
            }
          },
          {
            "id": "mesh_instances",
            "aggregation": "additive",
            "value": 1024,
            "confidence": {
              "reliability": "approximate",
              "reasons": [
                "inherited_scene"
              ]
            }
          },
          {
            "id": "lights",
            "aggregation": "additive",
            "value": 43,
            "confidence": {
              "reliability": "approximate",
              "reasons": [
                "inherited_scene"
              ]
            }
          },
          {
            "id": "shadow_lights",
            "aggregation": "additive",
            "value": 9,
            "confidence": {
              "reliability": "approximate",
              "reasons": [
                "inherited_scene"
              ]
            }
          },
          {
            "id": "external_resources",
            "aggregation": "unique_union",
            "confidence": {
              "reliability": "approximate",
              "reasons": [
                "inherited_scene"
              ]
            }
          },
          {
            "id": "scene_dependencies",
            "aggregation": "unique_union",
            "confidence": {
              "reliability": "approximate",
              "reasons": [
                "inherited_scene"
              ]
            }
          }
        ]
      }
    ],
    "unique_evidence": []
  }
}
