{
  "schema_version": 1,
  "kind": "inspect",
  "tool": {
    "name": "deadweight.gdt",
    "version": "0.2.0-test"
  },
  "scene": {
    "path": "res://levels/city.tscn"
  },
  "configuration": {
    "present": false,
    "selection": "absent"
  },
  "analysis": {
    "status": "complete",
    "reliability": "exact",
    "metrics": [
      {
        "id": "nodes",
        "value": 2841
      },
      {
        "id": "tree_depth",
        "value": 17
      },
      {
        "id": "scene_instances",
        "value": 184
      },
      {
        "id": "mesh_instances",
        "value": 1024
      },
      {
        "id": "lights",
        "value": 43
      },
      {
        "id": "shadow_lights",
        "value": 9
      },
      {
        "id": "external_resources",
        "value": 218
      },
      {
        "id": "scene_dependencies",
        "value": 12
      }
    ],
    "coverage": {
      "parsed_scene_files": 13,
      "resolved_scene_instances": 184,
      "unresolved_scene_instances": 0,
      "inherited_scenes": 0
    },
    "diagnostics": [],
    "contributions": [
      {
        "kind": "scene",
        "scene": "res://actors/a.tscn",
        "declaring_scene": "res://root.tscn",
        "mount_path": "Child",
        "occurrences": 1,
        "reliability": "exact",
        "metrics": [
          {
            "id": "nodes",
            "aggregation": "additive",
            "value": 10
          },
          {
            "id": "tree_depth",
            "aggregation": "maximum",
            "value": 2,
            "available": true
          },
          {
            "id": "scene_instances",
            "aggregation": "additive",
            "value": 0
          },
          {
            "id": "mesh_instances",
            "aggregation": "additive",
            "value": 0
          },
          {
            "id": "lights",
            "aggregation": "additive",
            "value": 0
          },
          {
            "id": "shadow_lights",
            "aggregation": "additive",
            "value": 0
          },
          {
            "id": "external_resources",
            "aggregation": "unique_union"
          },
          {
            "id": "scene_dependencies",
            "aggregation": "unique_union"
          }
        ]
      },
      {
        "kind": "scene",
        "scene": "res://actors/b.tscn",
        "declaring_scene": "res://root.tscn",
        "mount_path": "Child",
        "occurrences": 1,
        "reliability": "exact",
        "metrics": [
          {
            "id": "nodes",
            "aggregation": "additive",
            "value": 5
          },
          {
            "id": "tree_depth",
            "aggregation": "maximum",
            "value": 2,
            "available": true
          },
          {
            "id": "scene_instances",
            "aggregation": "additive",
            "value": 0
          },
          {
            "id": "mesh_instances",
            "aggregation": "additive",
            "value": 0
          },
          {
            "id": "lights",
            "aggregation": "additive",
            "value": 0
          },
          {
            "id": "shadow_lights",
            "aggregation": "additive",
            "value": 0
          },
          {
            "id": "external_resources",
            "aggregation": "unique_union"
          },
          {
            "id": "scene_dependencies",
            "aggregation": "unique_union"
          }
        ]
      },
      {
        "kind": "scene",
        "scene": "res://levels/city.tscn",
        "declaring_scene": "res://root.tscn",
        "mount_path": "Child",
        "occurrences": 1,
        "reliability": "exact",
        "metrics": [
          {
            "id": "nodes",
            "aggregation": "additive",
            "value": 20
          },
          {
            "id": "tree_depth",
            "aggregation": "maximum",
            "value": 2,
            "available": true
          },
          {
            "id": "scene_instances",
            "aggregation": "additive",
            "value": 0
          },
          {
            "id": "mesh_instances",
            "aggregation": "additive",
            "value": 0
          },
          {
            "id": "lights",
            "aggregation": "additive",
            "value": 0
          },
          {
            "id": "shadow_lights",
            "aggregation": "additive",
            "value": 0
          },
          {
            "id": "external_resources",
            "aggregation": "unique_union"
          },
          {
            "id": "scene_dependencies",
            "aggregation": "unique_union"
          }
        ]
      }
    ],
    "unique_evidence": [
      {
        "metric": "external_resources",
        "identity": "res://assets/shared.png",
        "referrers": [
          {
            "scene": "res://actors/a.tscn",
            "resource_id": "1_texture",
            "raw_target": "res://assets/shared.png",
            "occurrences": 1
          },
          {
            "scene": "res://actors/b.tscn",
            "resource_id": "2_texture",
            "raw_target": "res://assets/shared.png",
            "occurrences": 1
          }
        ]
      }
    ]
  }
}
