{
  "schema_version": 1,
  "kind": "inspect",
  "tool": {
    "name": "deadweight.gdt",
    "version": "0.2.0-test"
  },
  "scene": {
    "path": "res://levels/city.tscn"
  },
  "configuration": {
    "present": false,
    "selection": "absent"
  },
  "analysis": {
    "status": "partial",
    "reliability": "lower_bound",
    "metrics": [
      {
        "id": "nodes",
        "value": 2841
      },
      {
        "id": "tree_depth",
        "value": 17
      },
      {
        "id": "scene_instances",
        "value": 184
      },
      {
        "id": "mesh_instances",
        "value": 1024
      },
      {
        "id": "lights",
        "value": 43
      },
      {
        "id": "shadow_lights",
        "value": 9
      },
      {
        "id": "external_resources",
        "value": 218
      },
      {
        "id": "scene_dependencies",
        "value": 12
      }
    ],
    "coverage": {
      "parsed_scene_files": 13,
      "resolved_scene_instances": 179,
      "unresolved_scene_instances": 5,
      "inherited_scenes": 0
    },
    "diagnostics": [
      {
        "code": "SB1002",
        "severity": "warning",
        "message": "imported PackedScene cannot be expanded statically",
        "occurrences": 3,
        "source": {
          "path": "res://models/car.glb"
        }
      },
      {
        "code": "SB1002",
        "severity": "warning",
        "message": "imported PackedScene cannot be expanded statically",
        "occurrences": 2,
        "source": {
          "path": "res://models/tree.glb"
        }
      }
    ],
    "contributions": [
      {
        "kind": "root",
        "scene": "res://levels/city.tscn",
        "occurrences": 1,
        "reliability": "exact",
        "metrics": [
          {
            "id": "nodes",
            "aggregation": "additive",
            "value": 2836
          },
          {
            "id": "tree_depth",
            "aggregation": "maximum",
            "value": 17,
            "available": true
          },
          {
            "id": "scene_instances",
            "aggregation": "additive",
            "value": 179
          },
          {
            "id": "mesh_instances",
            "aggregation": "additive",
            "value": 1024
          },
          {
            "id": "lights",
            "aggregation": "additive",
            "value": 43
          },
          {
            "id": "shadow_lights",
            "aggregation": "additive",
            "value": 9
          },
          {
            "id": "external_resources",
            "aggregation": "unique_union"
          },
          {
            "id": "scene_dependencies",
            "aggregation": "unique_union"
          }
        ]
      },
      {
        "kind": "unresolved",
        "scene": "res://models/car.glb",
        "declaring_scene": "res://levels/city.tscn",
        "mount_path": "Cars",
        "raw_target": "res://models/car.glb",
        "classification": "imported_scene",
        "occurrences": 3,
        "reliability": "lower_bound",
        "metrics": [
          {
            "id": "nodes",
            "aggregation": "additive",
            "value": 3
          },
          {
            "id": "tree_depth",
            "aggregation": "maximum",
            "value": 3,
            "available": true
          },
          {
            "id": "scene_instances",
            "aggregation": "additive",
            "value": 3
          },
          {
            "id": "mesh_instances",
            "aggregation": "additive",
            "value": 0
          },
          {
            "id": "lights",
            "aggregation": "additive",
            "value": 0
          },
          {
            "id": "shadow_lights",
            "aggregation": "additive",
            "value": 0
          },
          {
            "id": "external_resources",
            "aggregation": "unique_union"
          },
          {
            "id": "scene_dependencies",
            "aggregation": "unique_union"
          }
        ]
      },
      {
        "kind": "unresolved",
        "scene": "res://models/tree.glb",
        "declaring_scene": "res://levels/city.tscn",
        "mount_path": "Trees",
        "raw_target": "res://models/tree.glb",
        "classification": "imported_scene",
        "occurrences": 2,
        "reliability": "lower_bound",
        "metrics": [
          {
            "id": "nodes",
            "aggregation": "additive",
            "value": 2
          },
          {
            "id": "tree_depth",
            "aggregation": "maximum",
            "value": 4,
            "available": true
          },
          {
            "id": "scene_instances",
            "aggregation": "additive",
            "value": 2
          },
          {
            "id": "mesh_instances",
            "aggregation": "additive",
            "value": 0
          },
          {
            "id": "lights",
            "aggregation": "additive",
            "value": 0
          },
          {
            "id": "shadow_lights",
            "aggregation": "additive",
            "value": 0
          },
          {
            "id": "external_resources",
            "aggregation": "unique_union"
          },
          {
            "id": "scene_dependencies",
            "aggregation": "unique_union"
          }
        ]
      }
    ],
    "unique_evidence": [],
    "top_contributors": {
      "metric": "nodes",
      "limit": 2,
      "rows": [
        {
          "kind": "root",
          "scene": "res://levels/city.tscn",
          "occurrences": 1,
          "reliability": "exact",
          "metrics": [
            {
              "id": "nodes",
              "aggregation": "additive",
              "value": 2836
            },
            {
              "id": "tree_depth",
              "aggregation": "maximum",
              "value": 17,
              "available": true
            },
            {
              "id": "scene_instances",
              "aggregation": "additive",
              "value": 179
            },
            {
              "id": "mesh_instances",
              "aggregation": "additive",
              "value": 1024
            },
            {
              "id": "lights",
              "aggregation": "additive",
              "value": 43
            },
            {
              "id": "shadow_lights",
              "aggregation": "additive",
              "value": 9
            },
            {
              "id": "external_resources",
              "aggregation": "unique_union"
            },
            {
              "id": "scene_dependencies",
              "aggregation": "unique_union"
            }
          ]
        },
        {
          "kind": "unresolved",
          "scene": "res://models/car.glb",
          "declaring_scene": "res://levels/city.tscn",
          "mount_path": "Cars",
          "raw_target": "res://models/car.glb",
          "classification": "imported_scene",
          "occurrences": 3,
          "reliability": "lower_bound",
          "metrics": [
            {
              "id": "nodes",
              "aggregation": "additive",
              "value": 3
            },
            {
              "id": "tree_depth",
              "aggregation": "maximum",
              "value": 3,
              "available": true
            },
            {
              "id": "scene_instances",
              "aggregation": "additive",
              "value": 3
            },
            {
              "id": "mesh_instances",
              "aggregation": "additive",
              "value": 0
            },
            {
              "id": "lights",
              "aggregation": "additive",
              "value": 0
            },
            {
              "id": "shadow_lights",
              "aggregation": "additive",
              "value": 0
            },
            {
              "id": "external_resources",
              "aggregation": "unique_union"
            },
            {
              "id": "scene_dependencies",
              "aggregation": "unique_union"
            }
          ]
        }
      ]
    }
  }
}
