{
  "schema_version": 1,
  "kind": "check",
  "tool": {
    "name": "deadweight.gdt",
    "version": "0.2.0-test"
  },
  "scene": {
    "path": "res://root.tscn"
  },
  "configuration": {
    "present": true,
    "selection": "implicit",
    "path": "res://.deadweight.gdt.json"
  },
  "analysis": {
    "status": "complete",
    "reliability": "exact",
    "metrics": [
      {
        "id": "nodes",
        "value": 6,
        "confidence": {
          "reliability": "exact",
          "reasons": []
        }
      },
      {
        "id": "tree_depth",
        "value": 3,
        "confidence": {
          "reliability": "exact",
          "reasons": []
        }
      },
      {
        "id": "scene_instances",
        "value": 2,
        "confidence": {
          "reliability": "exact",
          "reasons": []
        }
      },
      {
        "id": "mesh_instances",
        "value": 2,
        "confidence": {
          "reliability": "exact",
          "reasons": []
        }
      },
      {
        "id": "lights",
        "value": 1,
        "confidence": {
          "reliability": "exact",
          "reasons": []
        }
      },
      {
        "id": "shadow_lights",
        "value": 1,
        "confidence": {
          "reliability": "exact",
          "reasons": []
        }
      },
      {
        "id": "external_resources",
        "value": 2,
        "confidence": {
          "reliability": "exact",
          "reasons": []
        }
      },
      {
        "id": "scene_dependencies",
        "value": 1,
        "confidence": {
          "reliability": "exact",
          "reasons": []
        }
      }
    ],
    "coverage": {
      "parsed_scene_files": 2,
      "resolved_scene_instances": 2,
      "unresolved_scene_instances": 0,
      "inherited_scenes": 0
    },
    "diagnostics": [],
    "contributions": [
      {
        "kind": "scene",
        "scene": "res://child.tscn",
        "declaring_scene": "res://root.tscn",
        "mount_path": "ChildA",
        "mount_depth": 2,
        "resource_id": "1_child",
        "raw_target": "res://child.tscn",
        "occurrences": 1,
        "reliability": "exact",
        "metrics": [
          {
            "id": "nodes",
            "aggregation": "additive",
            "value": 2,
            "confidence": {
              "reliability": "exact",
              "reasons": []
            }
          },
          {
            "id": "tree_depth",
            "aggregation": "maximum",
            "value": 3,
            "available": true,
            "confidence": {
              "reliability": "exact",
              "reasons": []
            }
          },
          {
            "id": "scene_instances",
            "aggregation": "additive",
            "value": 1,
            "confidence": {
              "reliability": "exact",
              "reasons": []
            }
          },
          {
            "id": "mesh_instances",
            "aggregation": "additive",
            "value": 1,
            "confidence": {
              "reliability": "exact",
              "reasons": []
            }
          },
          {
            "id": "lights",
            "aggregation": "additive",
            "value": 0,
            "confidence": {
              "reliability": "exact",
              "reasons": []
            }
          },
          {
            "id": "shadow_lights",
            "aggregation": "additive",
            "value": 0,
            "confidence": {
              "reliability": "exact",
              "reasons": []
            }
          },
          {
            "id": "external_resources",
            "aggregation": "unique_union",
            "confidence": {
              "reliability": "exact",
              "reasons": []
            }
          },
          {
            "id": "scene_dependencies",
            "aggregation": "unique_union",
            "confidence": {
              "reliability": "exact",
              "reasons": []
            }
          }
        ]
      },
      {
        "kind": "scene",
        "scene": "res://child.tscn",
        "declaring_scene": "res://root.tscn",
        "mount_path": "ChildB",
        "mount_depth": 2,
        "resource_id": "1_child",
        "raw_target": "res://child.tscn",
        "occurrences": 1,
        "reliability": "exact",
        "metrics": [
          {
            "id": "nodes",
            "aggregation": "additive",
            "value": 2,
            "confidence": {
              "reliability": "exact",
              "reasons": []
            }
          },
          {
            "id": "tree_depth",
            "aggregation": "maximum",
            "value": 3,
            "available": true,
            "confidence": {
              "reliability": "exact",
              "reasons": []
            }
          },
          {
            "id": "scene_instances",
            "aggregation": "additive",
            "value": 1,
            "confidence": {
              "reliability": "exact",
              "reasons": []
            }
          },
          {
            "id": "mesh_instances",
            "aggregation": "additive",
            "value": 1,
            "confidence": {
              "reliability": "exact",
              "reasons": []
            }
          },
          {
            "id": "lights",
            "aggregation": "additive",
            "value": 0,
            "confidence": {
              "reliability": "exact",
              "reasons": []
            }
          },
          {
            "id": "shadow_lights",
            "aggregation": "additive",
            "value": 0,
            "confidence": {
              "reliability": "exact",
              "reasons": []
            }
          },
          {
            "id": "external_resources",
            "aggregation": "unique_union",
            "confidence": {
              "reliability": "exact",
              "reasons": []
            }
          },
          {
            "id": "scene_dependencies",
            "aggregation": "unique_union",
            "confidence": {
              "reliability": "exact",
              "reasons": []
            }
          }
        ]
      },
      {
        "kind": "root",
        "scene": "res://root.tscn",
        "occurrences": 1,
        "reliability": "exact",
        "metrics": [
          {
            "id": "nodes",
            "aggregation": "additive",
            "value": 2,
            "confidence": {
              "reliability": "exact",
              "reasons": []
            }
          },
          {
            "id": "tree_depth",
            "aggregation": "maximum",
            "value": 2,
            "available": true,
            "confidence": {
              "reliability": "exact",
              "reasons": []
            }
          },
          {
            "id": "scene_instances",
            "aggregation": "additive",
            "value": 0,
            "confidence": {
              "reliability": "exact",
              "reasons": []
            }
          },
          {
            "id": "mesh_instances",
            "aggregation": "additive",
            "value": 0,
            "confidence": {
              "reliability": "exact",
              "reasons": []
            }
          },
          {
            "id": "lights",
            "aggregation": "additive",
            "value": 1,
            "confidence": {
              "reliability": "exact",
              "reasons": []
            }
          },
          {
            "id": "shadow_lights",
            "aggregation": "additive",
            "value": 1,
            "confidence": {
              "reliability": "exact",
              "reasons": []
            }
          },
          {
            "id": "external_resources",
            "aggregation": "unique_union",
            "confidence": {
              "reliability": "exact",
              "reasons": []
            }
          },
          {
            "id": "scene_dependencies",
            "aggregation": "unique_union",
            "confidence": {
              "reliability": "exact",
              "reasons": []
            }
          }
        ]
      }
    ],
    "unique_evidence": [
      {
        "metric": "external_resources",
        "identity": "res://assets/shared.png",
        "referrers": [
          {
            "scene": "res://child.tscn",
            "resource_id": "1_texture",
            "raw_target": "res://assets/shared.png",
            "occurrences": 1
          },
          {
            "scene": "res://root.tscn",
            "resource_id": "2_texture",
            "raw_target": "res://assets/shared.png",
            "occurrences": 1
          }
        ]
      },
      {
        "metric": "external_resources",
        "identity": "res://child.tscn",
        "referrers": [
          {
            "scene": "res://root.tscn",
            "resource_id": "1_child",
            "raw_target": "res://child.tscn",
            "occurrences": 1
          }
        ]
      },
      {
        "metric": "scene_dependencies",
        "identity": "res://child.tscn",
        "referrers": [
          {
            "scene": "res://root.tscn",
            "resource_id": "1_child",
            "raw_target": "res://child.tscn",
            "edge_kind": "instance",
            "occurrences": 2
          }
        ]
      }
    ]
  },
  "policy": {
    "kind": "profile",
    "id": "shipping",
    "metadata": {
      "name": "Shipping",
      "description": "MVP 0.2 acceptance policy",
      "platform": "handheld",
      "renderer": "forward_plus",
      "target_fps": 60,
      "quality": "balanced",
      "status": "heuristic",
      "stability": "experimental"
    },
    "fail_on_partial": false
  },
  "evaluation": {
    "comparisons": [
      {
        "metric": "nodes",
        "observed": 6,
        "limit": 20,
        "delta": -14,
        "passed": true
      },
      {
        "metric": "tree_depth",
        "observed": 3,
        "limit": 20,
        "delta": -17,
        "passed": true
      },
      {
        "metric": "scene_instances",
        "observed": 2,
        "limit": 250,
        "delta": -248,
        "passed": true
      },
      {
        "metric": "mesh_instances",
        "observed": 2,
        "limit": 1000,
        "delta": -998,
        "passed": true
      },
      {
        "metric": "lights",
        "observed": 1,
        "limit": 5,
        "delta": -4,
        "passed": true
      },
      {
        "metric": "shadow_lights",
        "observed": 1,
        "limit": 8,
        "delta": -7,
        "passed": true
      },
      {
        "metric": "external_resources",
        "observed": 2,
        "limit": 300,
        "delta": -298,
        "passed": true
      },
      {
        "metric": "scene_dependencies",
        "observed": 1,
        "limit": 80,
        "delta": -79,
        "passed": true
      }
    ],
    "exceeded": 0,
    "verdict": "PASSED"
  }
}
