exit: 1

[stdout]
deadweight.gdt 0.1.0-test

Scene:       res://simple.tscn
Analysis:    COMPLETE
Policy:      project/CLI overrides

Metric                        Actual     Budget   Result
--------------------------------------------------------
Nodes                               3          2   FAIL  +1

FAILED — 1 budget exceeded
[stderr]
