deadweight.gdt 0.2.0-test

Scene:     res://scenes/root.tscn
Project:   res://
Analysis:  COMPLETE
Accuracy:  exact

Dependencies
res://scenes/root.tscn
├── instance ×100 [exact] res://scenes/branch-b.tscn
│   └── instance ×1 [exact] res://scenes/shared.tscn
│       └── instance ×1 [exact] res://scenes/leaf.tscn
└── instance ×1 [exact] res://scenes/branch-c.tscn
    └── instance ×1 [exact] res://scenes/shared.tscn (back-reference)
